 Info: Initializing timer in CLOCK_SYN_REPORT_MODE
Information: The value of option cts.compile.enable_cell_relocation has been overridden to "leaf_only" to support latency-driven placement. (CTS-973)
Warning: time.si_enable_analysis is on, it could increase the runtime and memory usage. 
****************************************
Report : clock qor
        -type summary
Design : ga_coprocessor
Version: V-2023.12
Date   : Sun Jun 15 13:33:56 2025
****************************************

Attributes
===========
M Master Clock
G Generated Clock
& Internal Generated Clock
U User Defined Skew Group
D Default Skew Group
* Generated Clock Balanced Separately

===========================================
==== Summary Reporting for Corner slow ====
===========================================

============================================================ Summary Table for Corner slow =============================================================
Clock /                               Attrs     Sinks Levels    Clock     Clock     Clock       Max    Global  Trans DRC  Cap DRC      Wire
Skew Group                                                   Repeater  Repeater   Stdcell   Latency      Skew     Count     Count    Length
                                                                Count      Area      Area
--------------------------------------------------------------------------------------------------------------------------------------------------------
### Mode: func, Scenario: func_slow
clk                                     M,D      1308     41     2469   5039.17   5039.17      2.66      1.26         0       377  17796.27
--------------------------------------------------------------------------------------------------------------------------------------------------------
All Clocks                                       1308     41     2469   5039.17   5039.17      2.66      1.26         0       377  17796.27


Warning: Please use -largest / -smallest / -all switches with -show_verbose_paths / -show_paths to report the clock paths. (CTS-956)
1
