****************************************
Report : qor
Design : ga_coprocessor
Version: V-2023.12
Date   : Sun Jun 15 13:48:57 2025
****************************************
Information: Timer using 'SI, Timing Window Analysis, CRPR'. (TIM-050)


Scenario           'func_slow'
Timing Path Group  'INTERNAL'
----------------------------------------
Levels of Logic:                    100
Critical Path Length:             13.81
Critical Path Slack:             -14.05
Critical Path Clk Period:          1.00
Total Negative Slack:          -6617.25
No. of Violating Paths:            1308
Worst Hold Violation:              0.00
Total Hold Violation:              0.00
No. of Hold Violations:               0
----------------------------------------

Scenario           'func_slow'
Timing Path Group  'INPUTS'
----------------------------------------
Levels of Logic:                     72
Critical Path Length:              7.85
Critical Path Slack:              -7.18
Critical Path Clk Period:          1.00
Total Negative Slack:          -6647.23
No. of Violating Paths:            2253
Worst Hold Violation:              0.00
Total Hold Violation:              0.00
No. of Hold Violations:               0
----------------------------------------

Scenario           'func_slow'
Timing Path Group  'OUTPUTS'
----------------------------------------
Levels of Logic:                     14
Critical Path Length:              1.68
Critical Path Slack:              -2.01
Critical Path Clk Period:          1.00
Total Negative Slack:           -137.92
No. of Violating Paths:             276
Worst Hold Violation:              0.00
Total Hold Violation:              0.00
No. of Hold Violations:               0
----------------------------------------


Cell Count
----------------------------------------
Hierarchical Cell Count:              0
Hierarchical Port Count:              0
Leaf Cell Count:                  24067
Buf/Inv Cell Count:               19702
Buf Cell Count:                   17913
Inv Cell Count:                    1789
Combinational Cell Count:         22759
   Single-bit Isolation Cell Count:                        0
   Multi-bit Isolation Cell Count:                         0
   Isolation Cell Banking Ratio:                           0.00%
   Single-bit Level Shifter Cell Count:                    0
   Multi-bit Level Shifter Cell Count:                     0
   Level Shifter Cell Banking Ratio:                       0.00%
   Single-bit ELS Cell Count:                              0
   Multi-bit ELS Cell Count:                               0
   ELS Cell Banking Ratio:                                 0.00%
Sequential Cell Count:             1308
   Integrated Clock-Gating Cell Count:                     0
   Sequential Macro Cell Count:                            0
   Single-bit Sequential Cell Count:                       1308
   Multi-bit Sequential Cell Count:                        0
   Sequential Cell Banking Ratio:                          0.00%
   BitsPerflop:                                            1.00
Macro Count:                          0
----------------------------------------


Area
----------------------------------------
Combinational Area:            46872.79
Noncombinational Area:         11967.64
Buf/Inv Area:                  39275.41
Total Buffer Area:             36867.91
Total Inverter Area:            2407.51
Macro/Black Box Area:              0.00
Net Area:                             0
Net XLength:                  380141.22
Net YLength:                  508432.35
----------------------------------------
Cell Area (netlist):                          58840.44
Cell Area (netlist and physical only):       209489.63
Net Length:                   888573.57


Design Rules
----------------------------------------
Total Number of Nets:             24913
Nets with Violations:             15411
Max Trans Violations:               747
Max Cap Violations:               15404
----------------------------------------

1
