****************************************
Report : qor
Design : ga_coprocessor
Version: V-2023.12
Date   : Sun Jun 15 13:33:56 2025
****************************************
Information: Timer using 'SI, Timing Window Analysis, CRPR'. (TIM-050)


Scenario           'func_slow'
Timing Path Group  'INTERNAL'
----------------------------------------
Levels of Logic:                     60
Critical Path Length:              5.74
Critical Path Slack:              -5.96
Critical Path Clk Period:          1.00
Total Negative Slack:          -2508.78
No. of Violating Paths:            1308
Worst Hold Violation:              0.00
Total Hold Violation:              0.00
No. of Hold Violations:               0
----------------------------------------

Scenario           'func_slow'
Timing Path Group  'INPUTS'
----------------------------------------
Levels of Logic:                     30
Critical Path Length:              3.08
Critical Path Slack:              -2.91
Critical Path Clk Period:          1.00
Total Negative Slack:          -2817.21
No. of Violating Paths:            2197
Worst Hold Violation:              0.00
Total Hold Violation:              0.00
No. of Hold Violations:               0
----------------------------------------

Scenario           'func_slow'
Timing Path Group  'OUTPUTS'
----------------------------------------
Levels of Logic:                      4
Critical Path Length:              0.72
Critical Path Slack:              -0.91
Critical Path Clk Period:          1.00
Total Negative Slack:            -68.34
No. of Violating Paths:             215
Worst Hold Violation:              0.00
Total Hold Violation:              0.00
No. of Hold Violations:               0
----------------------------------------


Cell Count
----------------------------------------
Hierarchical Cell Count:              0
Hierarchical Port Count:              0
Leaf Cell Count:                  20017
Buf/Inv Cell Count:               15652
Buf Cell Count:                   13855
Inv Cell Count:                    1797
Combinational Cell Count:         18709
   Single-bit Isolation Cell Count:                        0
   Multi-bit Isolation Cell Count:                         0
   Isolation Cell Banking Ratio:                           0.00%
   Single-bit Level Shifter Cell Count:                    0
   Multi-bit Level Shifter Cell Count:                     0
   Level Shifter Cell Banking Ratio:                       0.00%
   Single-bit ELS Cell Count:                              0
   Multi-bit ELS Cell Count:                               0
   ELS Cell Banking Ratio:                                 0.00%
Sequential Cell Count:             1308
   Integrated Clock-Gating Cell Count:                     0
   Sequential Macro Cell Count:                            0
   Single-bit Sequential Cell Count:                       1308
   Multi-bit Sequential Cell Count:                        0
   Sequential Cell Banking Ratio:                          0.00%
   BitsPerflop:                                            1.00
Macro Count:                          0
----------------------------------------


Area
----------------------------------------
Combinational Area:            39001.70
Noncombinational Area:         11967.64
Buf/Inv Area:                  31372.55
Total Buffer Area:             28840.26
Total Inverter Area:            2532.29
Macro/Black Box Area:              0.00
Net Area:                             0
Net XLength:                  177562.79
Net YLength:                  187861.64
----------------------------------------
Cell Area (netlist):                          50969.34
Cell Area (netlist and physical only):        51424.26
Net Length:                   365424.43


Design Rules
----------------------------------------
Total Number of Nets:             20863
Nets with Violations:              8603
Max Trans Violations:                10
Max Cap Violations:                8603
----------------------------------------

1
