****************************************
 Report : check_design
 Options: { pre_route_stage }
 Design : ga_coprocessor
 Version: V-2023.12
 Date   : Sun Jun 15 12:59:03 2025
****************************************

****************************************
Report : Data Mismatches
Version: V-2023.12
Date   : Sun Jun 15 12:59:03 2025
****************************************
No mismatches exist on the design.
1
1
1

=========================================================
==     Check for PG Net Open  ==
=========================================================

Warning: PG net VSS has opens. (ZRT-764)
Warning: PG net VDD has opens. (ZRT-764)

>>>>>> Found 2 PG net open

=========================================================
==     Check for global route app-option  ==
=========================================================

>>> The option values are suggested.

Cell Min-Routing-Layer = M2
Cell Max-Routing-Layer = M7
Turn off antenna since no rule is specified
Information: Option route.detail.force_end_on_preferred_grid will be ignored since none of the layers have preferred grid. (ZRT-703)
Warning: Cannot find a default contact code for layer CO. (ZRT-022)
Warning: Port VDD of cell ga_coprocessor
        is unplaced.  This may impact routing result. (ZRT-740)
Warning: Port VSS of cell ga_coprocessor
        is unplaced.  This may impact routing result. (ZRT-740)
Warning: Ignore 2 top cell ports with no pins. (ZRT-027)
Info: number of net_type_blockage: 0 
Information: Via ladder engine would be activated for pattern must join connection in certain commands. Please refer to man-page for the command list. (ZRT-619)
Information: When applicable Min-max layer allow_pin_connection mode will allow paths of length 3.55 outside the layer range. (ZRT-707)
Information: When applicable Min-max layer allow_pin_connection mode will allow paths of length 3.55 outside the layer range on clock nets. (ZRT-718)
Information: When applicable layer based tapering will taper up to 0.00 in distance from the pin. (ZRT-706)
Printing options for 'route.common.*'
common.eco_route_fix_existing_drc                       :	 true                
common.verbose_level                                    :	 0                   

Printing options for 'route.detail.*'
detail.eco_route_use_soft_spacing_for_timing_optimization:	 true                

Printing options for 'route.auto_via_ladder.*'


============================================
==  Check for design                      ==
============================================

>>> No net contains a large number of ports 

>>> No port contains a large number of pins 

Warning: Port VDD of cell ga_coprocessor
        is unplaced.  This may impact routing result. (ZRT-740)
Warning: Port VSS of cell ga_coprocessor
        is unplaced.  This may impact routing result. (ZRT-740)

>>>>>> Found 2 unplaced ports

================================
==  Check for PG DPT on Track ==
================================
>>>>>> Number of PG rails cross even number of track: 0

============================================
==  Check for PG PreRoute setting         ==
============================================
 No number_of_secondary_pg_pin_connections setting and skip checking 
 
============================================
==        Check for pins         ==
============================================
Warning: pin is off track in the region (673.2110 22.3840) (673.5970 22.4340) on layer M1. (ZRT-761)
Warning: pin is off track in the region (673.2110 47.7260) (673.5970 47.7760) on layer M1. (ZRT-761)
Warning: pin is off track in the region (272.0070 34.8760) (272.2550 34.9260) on layer M1. (ZRT-761)
Warning: pin is off track in the region (539.5270 15.1700) (539.7750 15.2200) on layer M1. (ZRT-761)

>>>>>> found 593503 nonzero-spacing blockages overlap pins

>>>>>> found 87442 pins overlap pins

>>>>>> found 4 off track pins

====================================================
== Check for the Cut Metal not on Preferred Grid ==
====================================================

============================================
==  Check for overlap of standard cells   ==
============================================

>>>>>> No overlap of standard cells found

============================================
==     Check for min-grid violations      ==
============================================

  >>>> No Library min-grid violations found

  >>>> No Design min-grid violations found

>>>>>> No min-grid violations found


============================================
==    Check for out-of-boundary ports     ==
============================================

>>>>>> No out-of-boundary error found

============================================
==        Check for blocked ports         ==
============================================

>>>>>> No blocked ports found

>>>>>> No blocked nets found

============================================
==     Check for shielding violations     ==
============================================

>>>>>> The following Non-PG net has a shape with shape_use shield_route

>>> No non-PG net has a shape with shape_use shield_route.

>>>>>> The following PG net has shape with shape_use detail_route and shape length is too long.

>>> No PG net has shape with shape_use detail_route and shape length is too long.

>>>>>> The following nets with shield non-default rule has no internal data representation in Zroute.

>>> No nets with shield non-default rule has no internal data representation in Zroute.


>>> No valid P/G net specified in route.common.shielding_nets.

============================================
==     Check for via cut blockage violation   ==
============================================

>>>>>> The following via cut blockages are wrongly treated as real vias.

>>> No via cut blockage is wrongly treated as real via.

============================================
==     Check for custom via definition    ==
============================================

>>> No custom via definition has too many cuts

============================================
==          Check for via master          ==
============================================

>>> The total number of via master definition is 427

===============================================
==     Check non-default rule setting        ==
===============================================

>>> No NDR width is larger than signalRouteMaxWidth

>>> No NDR shield width is larger than signalRouteMaxWidth

======================================================
==     Check redundant duplicated PG shapes         ==
======================================================

>>> No redundant duplicated PG shapes overlap with each other.

=========================================================
==     Check for shapes with no net  ==
=========================================================

>>> No shape with no net.

=========================================================
==     Check for high fanout net  ==
=========================================================

>>> No high fanout net.

===========================================================
==     Check library cell has non-routing layer pins     ==
===========================================================

>>> No cell has non-routing layer pins to be connected.

============================================
==     Check over promoted nets           ==
============================================

>>> No over promoted nets.

End of check_routability
rtapiOptAttrInterf: set attribute check_routability_called=1750017563 
1

  *** EMS Message summary ***
  ----------------------------------------------------------------------------------------------------
  Rule         Type   Count      Message
  ----------------------------------------------------------------------------------------------------
  DFT-011      Info   1          The design has no scan chain defined in the scandef.
  ----------------------------------------------------------------------------------------------------
  Total 1 EMS messages : 0 errors, 0 warnings, 1 info.
  ----------------------------------------------------------------------------------------------------

  *** Non-EMS message summary *** 
  ----------------------------------------------------------------------------------------------------
   Rule         Type   Count      Message
  ----------------------------------------------------------------------------------------------------
       ZRT-022   Warn          1 Cannot find a default contact code for layer %s.
       ZRT-027   Warn          1 Ignore %d top cell ports with no pins.
       ZRT-619   Info          1 Via ladder engine would be activated for pattern must join conne...
       ZRT-703   Info          1 Option route.detail.force_end_on_preferred_grid will be ignored ...
       ZRT-706   Info          1 When applicable layer based tapering will taper up to %.2f in di...
       ZRT-707   Info          1 When applicable Min-max layer allow_pin_connection mode will all...
       ZRT-718   Info          1 When applicable Min-max layer allow_pin_connection mode will all...
       ZRT-740   Warn          4 %s is unplaced.  This may impact routing result.
       ZRT-761   Warn          4 pin is off track in the region (%.4f %.4f) (%.4f %.4f) on layer %s.
       ZRT-764   Warn          2 PG net %s has opens.
  ----------------------------------------------------------------------------------------------------
  Total 17 non-EMS messages : 0 errors, 12 warnings, 5 info.
  ----------------------------------------------------------------------------------------------------
