============================================================
  Generated by:           Genus(TM) Synthesis Solution 23.10-p004_1
  Generated on:           Jun 14 2025  03:27:23 pm
  Module:                 ga_coprocessor
  Operating conditions:   _nominal_ (balanced_tree)
  Wireload mode:          enclosed
  Area mode:              timing library
============================================================

-------------------------------------------------------------------------------
Timing exceptions with no effect

The following timing exceptions are not currently affecting timing in the       
design.  Either no paths in the design satisfy the exception's path             
specification, or all paths that satisfy the path specification also satisfy an 
exception with a higher priority.  You can improve runtime and memory usage by  
removing these exceptions if they are not truly needed.  To see if there is a   
path in the design that satisfies the path specification for an exception, or   
to see what other exception is overriding an exception because of priority, use 
the command:                                                                    
  report timing -paths [eval [::legacy::get_attribute paths <exception>]]

exception:ga_coprocessor/del_3
exception:ga_coprocessor/del_4
exception:ga_coprocessor/zipped_path_delay_0
exception:ga_coprocessor/zipped_path_delay_1
-------------------------------------------------------------------------------

-------------------------------------------------------------------------------
Inputs without external driver/transition

The following primary inputs have no external driver or input transition set.   
As a result the transition on the ports will be assumed as zero. The            
'external_driver' attribute is used to add and external driver or the           
'fixed_slew' attribute to add an external transition.                           

port:ga_coprocessor/chromosome_in[0]
port:ga_coprocessor/chromosome_in[100]
port:ga_coprocessor/chromosome_in[101]
port:ga_coprocessor/chromosome_in[102]
port:ga_coprocessor/chromosome_in[103]
port:ga_coprocessor/chromosome_in[104]
port:ga_coprocessor/chromosome_in[105]
port:ga_coprocessor/chromosome_in[106]
port:ga_coprocessor/chromosome_in[107]
port:ga_coprocessor/chromosome_in[108]
port:ga_coprocessor/chromosome_in[109]
port:ga_coprocessor/chromosome_in[10]
port:ga_coprocessor/chromosome_in[110]
port:ga_coprocessor/chromosome_in[111]
port:ga_coprocessor/chromosome_in[112]
port:ga_coprocessor/chromosome_in[113]
port:ga_coprocessor/chromosome_in[114]
port:ga_coprocessor/chromosome_in[115]
port:ga_coprocessor/chromosome_in[116]
port:ga_coprocessor/chromosome_in[117]
port:ga_coprocessor/chromosome_in[118]
port:ga_coprocessor/chromosome_in[119]
port:ga_coprocessor/chromosome_in[11]
port:ga_coprocessor/chromosome_in[120]
port:ga_coprocessor/chromosome_in[121]
port:ga_coprocessor/chromosome_in[122]
port:ga_coprocessor/chromosome_in[123]
port:ga_coprocessor/chromosome_in[124]
port:ga_coprocessor/chromosome_in[125]
port:ga_coprocessor/chromosome_in[126]
port:ga_coprocessor/chromosome_in[127]
port:ga_coprocessor/chromosome_in[128]
port:ga_coprocessor/chromosome_in[129]
port:ga_coprocessor/chromosome_in[12]
port:ga_coprocessor/chromosome_in[130]
port:ga_coprocessor/chromosome_in[131]
port:ga_coprocessor/chromosome_in[132]
port:ga_coprocessor/chromosome_in[133]
port:ga_coprocessor/chromosome_in[134]
port:ga_coprocessor/chromosome_in[135]
port:ga_coprocessor/chromosome_in[136]
port:ga_coprocessor/chromosome_in[137]
port:ga_coprocessor/chromosome_in[138]
port:ga_coprocessor/chromosome_in[139]
port:ga_coprocessor/chromosome_in[13]
port:ga_coprocessor/chromosome_in[140]
port:ga_coprocessor/chromosome_in[141]
port:ga_coprocessor/chromosome_in[142]
port:ga_coprocessor/chromosome_in[143]
port:ga_coprocessor/chromosome_in[144]
port:ga_coprocessor/chromosome_in[145]
port:ga_coprocessor/chromosome_in[146]
port:ga_coprocessor/chromosome_in[147]
port:ga_coprocessor/chromosome_in[148]
port:ga_coprocessor/chromosome_in[149]
port:ga_coprocessor/chromosome_in[14]
port:ga_coprocessor/chromosome_in[150]
port:ga_coprocessor/chromosome_in[151]
port:ga_coprocessor/chromosome_in[15]
port:ga_coprocessor/chromosome_in[16]
port:ga_coprocessor/chromosome_in[17]
port:ga_coprocessor/chromosome_in[18]
port:ga_coprocessor/chromosome_in[19]
port:ga_coprocessor/chromosome_in[1]
port:ga_coprocessor/chromosome_in[20]
port:ga_coprocessor/chromosome_in[21]
port:ga_coprocessor/chromosome_in[22]
port:ga_coprocessor/chromosome_in[23]
port:ga_coprocessor/chromosome_in[24]
port:ga_coprocessor/chromosome_in[25]
port:ga_coprocessor/chromosome_in[26]
port:ga_coprocessor/chromosome_in[27]
port:ga_coprocessor/chromosome_in[28]
port:ga_coprocessor/chromosome_in[29]
port:ga_coprocessor/chromosome_in[2]
port:ga_coprocessor/chromosome_in[30]
port:ga_coprocessor/chromosome_in[31]
port:ga_coprocessor/chromosome_in[32]
port:ga_coprocessor/chromosome_in[33]
port:ga_coprocessor/chromosome_in[34]
port:ga_coprocessor/chromosome_in[35]
port:ga_coprocessor/chromosome_in[36]
port:ga_coprocessor/chromosome_in[37]
port:ga_coprocessor/chromosome_in[38]
port:ga_coprocessor/chromosome_in[39]
port:ga_coprocessor/chromosome_in[3]
port:ga_coprocessor/chromosome_in[40]
port:ga_coprocessor/chromosome_in[41]
port:ga_coprocessor/chromosome_in[42]
port:ga_coprocessor/chromosome_in[43]
port:ga_coprocessor/chromosome_in[44]
port:ga_coprocessor/chromosome_in[45]
port:ga_coprocessor/chromosome_in[46]
port:ga_coprocessor/chromosome_in[47]
port:ga_coprocessor/chromosome_in[48]
port:ga_coprocessor/chromosome_in[49]
port:ga_coprocessor/chromosome_in[4]
port:ga_coprocessor/chromosome_in[50]
port:ga_coprocessor/chromosome_in[51]
port:ga_coprocessor/chromosome_in[52]
port:ga_coprocessor/chromosome_in[53]
port:ga_coprocessor/chromosome_in[54]
port:ga_coprocessor/chromosome_in[55]
port:ga_coprocessor/chromosome_in[56]
port:ga_coprocessor/chromosome_in[57]
port:ga_coprocessor/chromosome_in[58]
port:ga_coprocessor/chromosome_in[59]
port:ga_coprocessor/chromosome_in[5]
port:ga_coprocessor/chromosome_in[60]
port:ga_coprocessor/chromosome_in[61]
port:ga_coprocessor/chromosome_in[62]
port:ga_coprocessor/chromosome_in[63]
port:ga_coprocessor/chromosome_in[64]
port:ga_coprocessor/chromosome_in[65]
port:ga_coprocessor/chromosome_in[66]
port:ga_coprocessor/chromosome_in[67]
port:ga_coprocessor/chromosome_in[68]
port:ga_coprocessor/chromosome_in[69]
port:ga_coprocessor/chromosome_in[6]
port:ga_coprocessor/chromosome_in[70]
port:ga_coprocessor/chromosome_in[71]
port:ga_coprocessor/chromosome_in[72]
port:ga_coprocessor/chromosome_in[73]
port:ga_coprocessor/chromosome_in[74]
port:ga_coprocessor/chromosome_in[75]
port:ga_coprocessor/chromosome_in[76]
port:ga_coprocessor/chromosome_in[77]
port:ga_coprocessor/chromosome_in[78]
port:ga_coprocessor/chromosome_in[79]
port:ga_coprocessor/chromosome_in[7]
port:ga_coprocessor/chromosome_in[80]
port:ga_coprocessor/chromosome_in[81]
port:ga_coprocessor/chromosome_in[82]
port:ga_coprocessor/chromosome_in[83]
port:ga_coprocessor/chromosome_in[84]
port:ga_coprocessor/chromosome_in[85]
port:ga_coprocessor/chromosome_in[86]
port:ga_coprocessor/chromosome_in[87]
port:ga_coprocessor/chromosome_in[88]
port:ga_coprocessor/chromosome_in[89]
port:ga_coprocessor/chromosome_in[8]
port:ga_coprocessor/chromosome_in[90]
port:ga_coprocessor/chromosome_in[91]
port:ga_coprocessor/chromosome_in[92]
port:ga_coprocessor/chromosome_in[93]
port:ga_coprocessor/chromosome_in[94]
port:ga_coprocessor/chromosome_in[95]
port:ga_coprocessor/chromosome_in[96]
port:ga_coprocessor/chromosome_in[97]
port:ga_coprocessor/chromosome_in[98]
port:ga_coprocessor/chromosome_in[99]
port:ga_coprocessor/chromosome_in[9]
port:ga_coprocessor/chromosome_to_mutate[0]
port:ga_coprocessor/chromosome_to_mutate[100]
port:ga_coprocessor/chromosome_to_mutate[101]
port:ga_coprocessor/chromosome_to_mutate[102]
port:ga_coprocessor/chromosome_to_mutate[103]
port:ga_coprocessor/chromosome_to_mutate[104]
port:ga_coprocessor/chromosome_to_mutate[105]
port:ga_coprocessor/chromosome_to_mutate[106]
port:ga_coprocessor/chromosome_to_mutate[107]
port:ga_coprocessor/chromosome_to_mutate[108]
port:ga_coprocessor/chromosome_to_mutate[109]
port:ga_coprocessor/chromosome_to_mutate[10]
port:ga_coprocessor/chromosome_to_mutate[110]
port:ga_coprocessor/chromosome_to_mutate[111]
port:ga_coprocessor/chromosome_to_mutate[112]
port:ga_coprocessor/chromosome_to_mutate[113]
port:ga_coprocessor/chromosome_to_mutate[114]
port:ga_coprocessor/chromosome_to_mutate[115]
port:ga_coprocessor/chromosome_to_mutate[116]
port:ga_coprocessor/chromosome_to_mutate[117]
port:ga_coprocessor/chromosome_to_mutate[118]
port:ga_coprocessor/chromosome_to_mutate[119]
port:ga_coprocessor/chromosome_to_mutate[11]
port:ga_coprocessor/chromosome_to_mutate[120]
port:ga_coprocessor/chromosome_to_mutate[121]
port:ga_coprocessor/chromosome_to_mutate[122]
port:ga_coprocessor/chromosome_to_mutate[123]
port:ga_coprocessor/chromosome_to_mutate[124]
port:ga_coprocessor/chromosome_to_mutate[125]
port:ga_coprocessor/chromosome_to_mutate[126]
port:ga_coprocessor/chromosome_to_mutate[127]
port:ga_coprocessor/chromosome_to_mutate[128]
port:ga_coprocessor/chromosome_to_mutate[129]
port:ga_coprocessor/chromosome_to_mutate[12]
port:ga_coprocessor/chromosome_to_mutate[130]
port:ga_coprocessor/chromosome_to_mutate[131]
port:ga_coprocessor/chromosome_to_mutate[132]
port:ga_coprocessor/chromosome_to_mutate[133]
port:ga_coprocessor/chromosome_to_mutate[134]
port:ga_coprocessor/chromosome_to_mutate[135]
port:ga_coprocessor/chromosome_to_mutate[136]
port:ga_coprocessor/chromosome_to_mutate[137]
port:ga_coprocessor/chromosome_to_mutate[138]
port:ga_coprocessor/chromosome_to_mutate[139]
port:ga_coprocessor/chromosome_to_mutate[13]
port:ga_coprocessor/chromosome_to_mutate[140]
port:ga_coprocessor/chromosome_to_mutate[141]
port:ga_coprocessor/chromosome_to_mutate[142]
port:ga_coprocessor/chromosome_to_mutate[143]
port:ga_coprocessor/chromosome_to_mutate[144]
port:ga_coprocessor/chromosome_to_mutate[145]
port:ga_coprocessor/chromosome_to_mutate[146]
port:ga_coprocessor/chromosome_to_mutate[147]
port:ga_coprocessor/chromosome_to_mutate[148]
port:ga_coprocessor/chromosome_to_mutate[149]
port:ga_coprocessor/chromosome_to_mutate[14]
port:ga_coprocessor/chromosome_to_mutate[150]
port:ga_coprocessor/chromosome_to_mutate[151]
port:ga_coprocessor/chromosome_to_mutate[15]
port:ga_coprocessor/chromosome_to_mutate[16]
port:ga_coprocessor/chromosome_to_mutate[17]
port:ga_coprocessor/chromosome_to_mutate[18]
port:ga_coprocessor/chromosome_to_mutate[19]
port:ga_coprocessor/chromosome_to_mutate[1]
port:ga_coprocessor/chromosome_to_mutate[20]
port:ga_coprocessor/chromosome_to_mutate[21]
port:ga_coprocessor/chromosome_to_mutate[22]
port:ga_coprocessor/chromosome_to_mutate[23]
port:ga_coprocessor/chromosome_to_mutate[24]
port:ga_coprocessor/chromosome_to_mutate[25]
port:ga_coprocessor/chromosome_to_mutate[26]
port:ga_coprocessor/chromosome_to_mutate[27]
port:ga_coprocessor/chromosome_to_mutate[28]
port:ga_coprocessor/chromosome_to_mutate[29]
port:ga_coprocessor/chromosome_to_mutate[2]
port:ga_coprocessor/chromosome_to_mutate[30]
port:ga_coprocessor/chromosome_to_mutate[31]
port:ga_coprocessor/chromosome_to_mutate[32]
port:ga_coprocessor/chromosome_to_mutate[33]
port:ga_coprocessor/chromosome_to_mutate[34]
port:ga_coprocessor/chromosome_to_mutate[35]
port:ga_coprocessor/chromosome_to_mutate[36]
port:ga_coprocessor/chromosome_to_mutate[37]
port:ga_coprocessor/chromosome_to_mutate[38]
port:ga_coprocessor/chromosome_to_mutate[39]
port:ga_coprocessor/chromosome_to_mutate[3]
port:ga_coprocessor/chromosome_to_mutate[40]
port:ga_coprocessor/chromosome_to_mutate[41]
port:ga_coprocessor/chromosome_to_mutate[42]
port:ga_coprocessor/chromosome_to_mutate[43]
port:ga_coprocessor/chromosome_to_mutate[44]
port:ga_coprocessor/chromosome_to_mutate[45]
port:ga_coprocessor/chromosome_to_mutate[46]
port:ga_coprocessor/chromosome_to_mutate[47]
port:ga_coprocessor/chromosome_to_mutate[48]
port:ga_coprocessor/chromosome_to_mutate[49]
port:ga_coprocessor/chromosome_to_mutate[4]
port:ga_coprocessor/chromosome_to_mutate[50]
port:ga_coprocessor/chromosome_to_mutate[51]
port:ga_coprocessor/chromosome_to_mutate[52]
port:ga_coprocessor/chromosome_to_mutate[53]
port:ga_coprocessor/chromosome_to_mutate[54]
port:ga_coprocessor/chromosome_to_mutate[55]
port:ga_coprocessor/chromosome_to_mutate[56]
port:ga_coprocessor/chromosome_to_mutate[57]
port:ga_coprocessor/chromosome_to_mutate[58]
port:ga_coprocessor/chromosome_to_mutate[59]
port:ga_coprocessor/chromosome_to_mutate[5]
port:ga_coprocessor/chromosome_to_mutate[60]
port:ga_coprocessor/chromosome_to_mutate[61]
port:ga_coprocessor/chromosome_to_mutate[62]
port:ga_coprocessor/chromosome_to_mutate[63]
port:ga_coprocessor/chromosome_to_mutate[64]
port:ga_coprocessor/chromosome_to_mutate[65]
port:ga_coprocessor/chromosome_to_mutate[66]
port:ga_coprocessor/chromosome_to_mutate[67]
port:ga_coprocessor/chromosome_to_mutate[68]
port:ga_coprocessor/chromosome_to_mutate[69]
port:ga_coprocessor/chromosome_to_mutate[6]
port:ga_coprocessor/chromosome_to_mutate[70]
port:ga_coprocessor/chromosome_to_mutate[71]
port:ga_coprocessor/chromosome_to_mutate[72]
port:ga_coprocessor/chromosome_to_mutate[73]
port:ga_coprocessor/chromosome_to_mutate[74]
port:ga_coprocessor/chromosome_to_mutate[75]
port:ga_coprocessor/chromosome_to_mutate[76]
port:ga_coprocessor/chromosome_to_mutate[77]
port:ga_coprocessor/chromosome_to_mutate[78]
port:ga_coprocessor/chromosome_to_mutate[79]
port:ga_coprocessor/chromosome_to_mutate[7]
port:ga_coprocessor/chromosome_to_mutate[80]
port:ga_coprocessor/chromosome_to_mutate[81]
port:ga_coprocessor/chromosome_to_mutate[82]
port:ga_coprocessor/chromosome_to_mutate[83]
port:ga_coprocessor/chromosome_to_mutate[84]
port:ga_coprocessor/chromosome_to_mutate[85]
port:ga_coprocessor/chromosome_to_mutate[86]
port:ga_coprocessor/chromosome_to_mutate[87]
port:ga_coprocessor/chromosome_to_mutate[88]
port:ga_coprocessor/chromosome_to_mutate[89]
port:ga_coprocessor/chromosome_to_mutate[8]
port:ga_coprocessor/chromosome_to_mutate[90]
port:ga_coprocessor/chromosome_to_mutate[91]
port:ga_coprocessor/chromosome_to_mutate[92]
port:ga_coprocessor/chromosome_to_mutate[93]
port:ga_coprocessor/chromosome_to_mutate[94]
port:ga_coprocessor/chromosome_to_mutate[95]
port:ga_coprocessor/chromosome_to_mutate[96]
port:ga_coprocessor/chromosome_to_mutate[97]
port:ga_coprocessor/chromosome_to_mutate[98]
port:ga_coprocessor/chromosome_to_mutate[99]
port:ga_coprocessor/chromosome_to_mutate[9]
port:ga_coprocessor/crossover_seed[0]
port:ga_coprocessor/crossover_seed[10]
port:ga_coprocessor/crossover_seed[11]
port:ga_coprocessor/crossover_seed[12]
port:ga_coprocessor/crossover_seed[13]
port:ga_coprocessor/crossover_seed[14]
port:ga_coprocessor/crossover_seed[15]
port:ga_coprocessor/crossover_seed[16]
port:ga_coprocessor/crossover_seed[17]
port:ga_coprocessor/crossover_seed[18]
port:ga_coprocessor/crossover_seed[19]
port:ga_coprocessor/crossover_seed[1]
port:ga_coprocessor/crossover_seed[20]
port:ga_coprocessor/crossover_seed[21]
port:ga_coprocessor/crossover_seed[22]
port:ga_coprocessor/crossover_seed[23]
port:ga_coprocessor/crossover_seed[24]
port:ga_coprocessor/crossover_seed[25]
port:ga_coprocessor/crossover_seed[26]
port:ga_coprocessor/crossover_seed[27]
port:ga_coprocessor/crossover_seed[28]
port:ga_coprocessor/crossover_seed[29]
port:ga_coprocessor/crossover_seed[2]
port:ga_coprocessor/crossover_seed[30]
port:ga_coprocessor/crossover_seed[31]
port:ga_coprocessor/crossover_seed[3]
port:ga_coprocessor/crossover_seed[4]
port:ga_coprocessor/crossover_seed[5]
port:ga_coprocessor/crossover_seed[6]
port:ga_coprocessor/crossover_seed[7]
port:ga_coprocessor/crossover_seed[8]
port:ga_coprocessor/crossover_seed[9]
port:ga_coprocessor/mutation_rate[0]
port:ga_coprocessor/mutation_rate[1]
port:ga_coprocessor/mutation_rate[2]
port:ga_coprocessor/mutation_rate[3]
port:ga_coprocessor/mutation_rate[4]
port:ga_coprocessor/mutation_rate[5]
port:ga_coprocessor/mutation_rate[6]
port:ga_coprocessor/mutation_rate[7]
port:ga_coprocessor/mutation_seed[0]
port:ga_coprocessor/mutation_seed[10]
port:ga_coprocessor/mutation_seed[11]
port:ga_coprocessor/mutation_seed[12]
port:ga_coprocessor/mutation_seed[13]
port:ga_coprocessor/mutation_seed[14]
port:ga_coprocessor/mutation_seed[15]
port:ga_coprocessor/mutation_seed[16]
port:ga_coprocessor/mutation_seed[17]
port:ga_coprocessor/mutation_seed[18]
port:ga_coprocessor/mutation_seed[19]
port:ga_coprocessor/mutation_seed[1]
port:ga_coprocessor/mutation_seed[20]
port:ga_coprocessor/mutation_seed[21]
port:ga_coprocessor/mutation_seed[22]
port:ga_coprocessor/mutation_seed[23]
port:ga_coprocessor/mutation_seed[24]
port:ga_coprocessor/mutation_seed[25]
port:ga_coprocessor/mutation_seed[26]
port:ga_coprocessor/mutation_seed[27]
port:ga_coprocessor/mutation_seed[28]
port:ga_coprocessor/mutation_seed[29]
port:ga_coprocessor/mutation_seed[2]
port:ga_coprocessor/mutation_seed[30]
port:ga_coprocessor/mutation_seed[31]
port:ga_coprocessor/mutation_seed[3]
port:ga_coprocessor/mutation_seed[4]
port:ga_coprocessor/mutation_seed[5]
port:ga_coprocessor/mutation_seed[6]
port:ga_coprocessor/mutation_seed[7]
port:ga_coprocessor/mutation_seed[8]
port:ga_coprocessor/mutation_seed[9]
port:ga_coprocessor/operation[0]
port:ga_coprocessor/operation[1]
port:ga_coprocessor/operation_valid
port:ga_coprocessor/parent1[0]
port:ga_coprocessor/parent1[100]
port:ga_coprocessor/parent1[101]
port:ga_coprocessor/parent1[102]
port:ga_coprocessor/parent1[103]
port:ga_coprocessor/parent1[104]
port:ga_coprocessor/parent1[105]
port:ga_coprocessor/parent1[106]
port:ga_coprocessor/parent1[107]
port:ga_coprocessor/parent1[108]
port:ga_coprocessor/parent1[109]
port:ga_coprocessor/parent1[10]
port:ga_coprocessor/parent1[110]
port:ga_coprocessor/parent1[111]
port:ga_coprocessor/parent1[112]
port:ga_coprocessor/parent1[113]
port:ga_coprocessor/parent1[114]
port:ga_coprocessor/parent1[115]
port:ga_coprocessor/parent1[116]
port:ga_coprocessor/parent1[117]
port:ga_coprocessor/parent1[118]
port:ga_coprocessor/parent1[119]
port:ga_coprocessor/parent1[11]
port:ga_coprocessor/parent1[120]
port:ga_coprocessor/parent1[121]
port:ga_coprocessor/parent1[122]
port:ga_coprocessor/parent1[123]
port:ga_coprocessor/parent1[124]
port:ga_coprocessor/parent1[125]
port:ga_coprocessor/parent1[126]
port:ga_coprocessor/parent1[127]
port:ga_coprocessor/parent1[128]
port:ga_coprocessor/parent1[129]
port:ga_coprocessor/parent1[12]
port:ga_coprocessor/parent1[130]
port:ga_coprocessor/parent1[131]
port:ga_coprocessor/parent1[132]
port:ga_coprocessor/parent1[133]
port:ga_coprocessor/parent1[134]
port:ga_coprocessor/parent1[135]
port:ga_coprocessor/parent1[136]
port:ga_coprocessor/parent1[137]
port:ga_coprocessor/parent1[138]
port:ga_coprocessor/parent1[139]
port:ga_coprocessor/parent1[13]
port:ga_coprocessor/parent1[140]
port:ga_coprocessor/parent1[141]
port:ga_coprocessor/parent1[142]
port:ga_coprocessor/parent1[143]
port:ga_coprocessor/parent1[144]
port:ga_coprocessor/parent1[145]
port:ga_coprocessor/parent1[146]
port:ga_coprocessor/parent1[147]
port:ga_coprocessor/parent1[148]
port:ga_coprocessor/parent1[149]
port:ga_coprocessor/parent1[14]
port:ga_coprocessor/parent1[150]
port:ga_coprocessor/parent1[151]
port:ga_coprocessor/parent1[15]
port:ga_coprocessor/parent1[16]
port:ga_coprocessor/parent1[17]
port:ga_coprocessor/parent1[18]
port:ga_coprocessor/parent1[19]
port:ga_coprocessor/parent1[1]
port:ga_coprocessor/parent1[20]
port:ga_coprocessor/parent1[21]
port:ga_coprocessor/parent1[22]
port:ga_coprocessor/parent1[23]
port:ga_coprocessor/parent1[24]
port:ga_coprocessor/parent1[25]
port:ga_coprocessor/parent1[26]
port:ga_coprocessor/parent1[27]
port:ga_coprocessor/parent1[28]
port:ga_coprocessor/parent1[29]
port:ga_coprocessor/parent1[2]
port:ga_coprocessor/parent1[30]
port:ga_coprocessor/parent1[31]
port:ga_coprocessor/parent1[32]
port:ga_coprocessor/parent1[33]
port:ga_coprocessor/parent1[34]
port:ga_coprocessor/parent1[35]
port:ga_coprocessor/parent1[36]
port:ga_coprocessor/parent1[37]
port:ga_coprocessor/parent1[38]
port:ga_coprocessor/parent1[39]
port:ga_coprocessor/parent1[3]
port:ga_coprocessor/parent1[40]
port:ga_coprocessor/parent1[41]
port:ga_coprocessor/parent1[42]
port:ga_coprocessor/parent1[43]
port:ga_coprocessor/parent1[44]
port:ga_coprocessor/parent1[45]
port:ga_coprocessor/parent1[46]
port:ga_coprocessor/parent1[47]
port:ga_coprocessor/parent1[48]
port:ga_coprocessor/parent1[49]
port:ga_coprocessor/parent1[4]
port:ga_coprocessor/parent1[50]
port:ga_coprocessor/parent1[51]
port:ga_coprocessor/parent1[52]
port:ga_coprocessor/parent1[53]
port:ga_coprocessor/parent1[54]
port:ga_coprocessor/parent1[55]
port:ga_coprocessor/parent1[56]
port:ga_coprocessor/parent1[57]
port:ga_coprocessor/parent1[58]
port:ga_coprocessor/parent1[59]
port:ga_coprocessor/parent1[5]
port:ga_coprocessor/parent1[60]
port:ga_coprocessor/parent1[61]
port:ga_coprocessor/parent1[62]
port:ga_coprocessor/parent1[63]
port:ga_coprocessor/parent1[64]
port:ga_coprocessor/parent1[65]
port:ga_coprocessor/parent1[66]
port:ga_coprocessor/parent1[67]
port:ga_coprocessor/parent1[68]
port:ga_coprocessor/parent1[69]
port:ga_coprocessor/parent1[6]
port:ga_coprocessor/parent1[70]
port:ga_coprocessor/parent1[71]
port:ga_coprocessor/parent1[72]
port:ga_coprocessor/parent1[73]
port:ga_coprocessor/parent1[74]
port:ga_coprocessor/parent1[75]
port:ga_coprocessor/parent1[76]
port:ga_coprocessor/parent1[77]
port:ga_coprocessor/parent1[78]
port:ga_coprocessor/parent1[79]
port:ga_coprocessor/parent1[7]
port:ga_coprocessor/parent1[80]
port:ga_coprocessor/parent1[81]
port:ga_coprocessor/parent1[82]
port:ga_coprocessor/parent1[83]
port:ga_coprocessor/parent1[84]
port:ga_coprocessor/parent1[85]
port:ga_coprocessor/parent1[86]
port:ga_coprocessor/parent1[87]
port:ga_coprocessor/parent1[88]
port:ga_coprocessor/parent1[89]
port:ga_coprocessor/parent1[8]
port:ga_coprocessor/parent1[90]
port:ga_coprocessor/parent1[91]
port:ga_coprocessor/parent1[92]
port:ga_coprocessor/parent1[93]
port:ga_coprocessor/parent1[94]
port:ga_coprocessor/parent1[95]
port:ga_coprocessor/parent1[96]
port:ga_coprocessor/parent1[97]
port:ga_coprocessor/parent1[98]
port:ga_coprocessor/parent1[99]
port:ga_coprocessor/parent1[9]
port:ga_coprocessor/parent2[0]
port:ga_coprocessor/parent2[100]
port:ga_coprocessor/parent2[101]
port:ga_coprocessor/parent2[102]
port:ga_coprocessor/parent2[103]
port:ga_coprocessor/parent2[104]
port:ga_coprocessor/parent2[105]
port:ga_coprocessor/parent2[106]
port:ga_coprocessor/parent2[107]
port:ga_coprocessor/parent2[108]
port:ga_coprocessor/parent2[109]
port:ga_coprocessor/parent2[10]
port:ga_coprocessor/parent2[110]
port:ga_coprocessor/parent2[111]
port:ga_coprocessor/parent2[112]
port:ga_coprocessor/parent2[113]
port:ga_coprocessor/parent2[114]
port:ga_coprocessor/parent2[115]
port:ga_coprocessor/parent2[116]
port:ga_coprocessor/parent2[117]
port:ga_coprocessor/parent2[118]
port:ga_coprocessor/parent2[119]
port:ga_coprocessor/parent2[11]
port:ga_coprocessor/parent2[120]
port:ga_coprocessor/parent2[121]
port:ga_coprocessor/parent2[122]
port:ga_coprocessor/parent2[123]
port:ga_coprocessor/parent2[124]
port:ga_coprocessor/parent2[125]
port:ga_coprocessor/parent2[126]
port:ga_coprocessor/parent2[127]
port:ga_coprocessor/parent2[128]
port:ga_coprocessor/parent2[129]
port:ga_coprocessor/parent2[12]
port:ga_coprocessor/parent2[130]
port:ga_coprocessor/parent2[131]
port:ga_coprocessor/parent2[132]
port:ga_coprocessor/parent2[133]
port:ga_coprocessor/parent2[134]
port:ga_coprocessor/parent2[135]
port:ga_coprocessor/parent2[136]
port:ga_coprocessor/parent2[137]
port:ga_coprocessor/parent2[138]
port:ga_coprocessor/parent2[139]
port:ga_coprocessor/parent2[13]
port:ga_coprocessor/parent2[140]
port:ga_coprocessor/parent2[141]
port:ga_coprocessor/parent2[142]
port:ga_coprocessor/parent2[143]
port:ga_coprocessor/parent2[144]
port:ga_coprocessor/parent2[145]
port:ga_coprocessor/parent2[146]
port:ga_coprocessor/parent2[147]
port:ga_coprocessor/parent2[148]
port:ga_coprocessor/parent2[149]
port:ga_coprocessor/parent2[14]
port:ga_coprocessor/parent2[150]
port:ga_coprocessor/parent2[151]
port:ga_coprocessor/parent2[15]
port:ga_coprocessor/parent2[16]
port:ga_coprocessor/parent2[17]
port:ga_coprocessor/parent2[18]
port:ga_coprocessor/parent2[19]
port:ga_coprocessor/parent2[1]
port:ga_coprocessor/parent2[20]
port:ga_coprocessor/parent2[21]
port:ga_coprocessor/parent2[22]
port:ga_coprocessor/parent2[23]
port:ga_coprocessor/parent2[24]
port:ga_coprocessor/parent2[25]
port:ga_coprocessor/parent2[26]
port:ga_coprocessor/parent2[27]
port:ga_coprocessor/parent2[28]
port:ga_coprocessor/parent2[29]
port:ga_coprocessor/parent2[2]
port:ga_coprocessor/parent2[30]
port:ga_coprocessor/parent2[31]
port:ga_coprocessor/parent2[32]
port:ga_coprocessor/parent2[33]
port:ga_coprocessor/parent2[34]
port:ga_coprocessor/parent2[35]
port:ga_coprocessor/parent2[36]
port:ga_coprocessor/parent2[37]
port:ga_coprocessor/parent2[38]
port:ga_coprocessor/parent2[39]
port:ga_coprocessor/parent2[3]
port:ga_coprocessor/parent2[40]
port:ga_coprocessor/parent2[41]
port:ga_coprocessor/parent2[42]
port:ga_coprocessor/parent2[43]
port:ga_coprocessor/parent2[44]
port:ga_coprocessor/parent2[45]
port:ga_coprocessor/parent2[46]
port:ga_coprocessor/parent2[47]
port:ga_coprocessor/parent2[48]
port:ga_coprocessor/parent2[49]
port:ga_coprocessor/parent2[4]
port:ga_coprocessor/parent2[50]
port:ga_coprocessor/parent2[51]
port:ga_coprocessor/parent2[52]
port:ga_coprocessor/parent2[53]
port:ga_coprocessor/parent2[54]
port:ga_coprocessor/parent2[55]
port:ga_coprocessor/parent2[56]
port:ga_coprocessor/parent2[57]
port:ga_coprocessor/parent2[58]
port:ga_coprocessor/parent2[59]
port:ga_coprocessor/parent2[5]
port:ga_coprocessor/parent2[60]
port:ga_coprocessor/parent2[61]
port:ga_coprocessor/parent2[62]
port:ga_coprocessor/parent2[63]
port:ga_coprocessor/parent2[64]
port:ga_coprocessor/parent2[65]
port:ga_coprocessor/parent2[66]
port:ga_coprocessor/parent2[67]
port:ga_coprocessor/parent2[68]
port:ga_coprocessor/parent2[69]
port:ga_coprocessor/parent2[6]
port:ga_coprocessor/parent2[70]
port:ga_coprocessor/parent2[71]
port:ga_coprocessor/parent2[72]
port:ga_coprocessor/parent2[73]
port:ga_coprocessor/parent2[74]
port:ga_coprocessor/parent2[75]
port:ga_coprocessor/parent2[76]
port:ga_coprocessor/parent2[77]
port:ga_coprocessor/parent2[78]
port:ga_coprocessor/parent2[79]
port:ga_coprocessor/parent2[7]
port:ga_coprocessor/parent2[80]
port:ga_coprocessor/parent2[81]
port:ga_coprocessor/parent2[82]
port:ga_coprocessor/parent2[83]
port:ga_coprocessor/parent2[84]
port:ga_coprocessor/parent2[85]
port:ga_coprocessor/parent2[86]
port:ga_coprocessor/parent2[87]
port:ga_coprocessor/parent2[88]
port:ga_coprocessor/parent2[89]
port:ga_coprocessor/parent2[8]
port:ga_coprocessor/parent2[90]
port:ga_coprocessor/parent2[91]
port:ga_coprocessor/parent2[92]
port:ga_coprocessor/parent2[93]
port:ga_coprocessor/parent2[94]
port:ga_coprocessor/parent2[95]
port:ga_coprocessor/parent2[96]
port:ga_coprocessor/parent2[97]
port:ga_coprocessor/parent2[98]
port:ga_coprocessor/parent2[99]
port:ga_coprocessor/parent2[9]
port:ga_coprocessor/rst_n
port:ga_coprocessor/start
port:ga_coprocessor/target_string[0]
port:ga_coprocessor/target_string[100]
port:ga_coprocessor/target_string[101]
port:ga_coprocessor/target_string[102]
port:ga_coprocessor/target_string[103]
port:ga_coprocessor/target_string[104]
port:ga_coprocessor/target_string[105]
port:ga_coprocessor/target_string[106]
port:ga_coprocessor/target_string[107]
port:ga_coprocessor/target_string[108]
port:ga_coprocessor/target_string[109]
port:ga_coprocessor/target_string[10]
port:ga_coprocessor/target_string[110]
port:ga_coprocessor/target_string[111]
port:ga_coprocessor/target_string[112]
port:ga_coprocessor/target_string[113]
port:ga_coprocessor/target_string[114]
port:ga_coprocessor/target_string[115]
port:ga_coprocessor/target_string[116]
port:ga_coprocessor/target_string[117]
port:ga_coprocessor/target_string[118]
port:ga_coprocessor/target_string[119]
port:ga_coprocessor/target_string[11]
port:ga_coprocessor/target_string[120]
port:ga_coprocessor/target_string[121]
port:ga_coprocessor/target_string[122]
port:ga_coprocessor/target_string[123]
port:ga_coprocessor/target_string[124]
port:ga_coprocessor/target_string[125]
port:ga_coprocessor/target_string[126]
port:ga_coprocessor/target_string[127]
port:ga_coprocessor/target_string[128]
port:ga_coprocessor/target_string[129]
port:ga_coprocessor/target_string[12]
port:ga_coprocessor/target_string[130]
port:ga_coprocessor/target_string[131]
port:ga_coprocessor/target_string[132]
port:ga_coprocessor/target_string[133]
port:ga_coprocessor/target_string[134]
port:ga_coprocessor/target_string[135]
port:ga_coprocessor/target_string[136]
port:ga_coprocessor/target_string[137]
port:ga_coprocessor/target_string[138]
port:ga_coprocessor/target_string[139]
port:ga_coprocessor/target_string[13]
port:ga_coprocessor/target_string[140]
port:ga_coprocessor/target_string[141]
port:ga_coprocessor/target_string[142]
port:ga_coprocessor/target_string[143]
port:ga_coprocessor/target_string[144]
port:ga_coprocessor/target_string[145]
port:ga_coprocessor/target_string[146]
port:ga_coprocessor/target_string[147]
port:ga_coprocessor/target_string[148]
port:ga_coprocessor/target_string[149]
port:ga_coprocessor/target_string[14]
port:ga_coprocessor/target_string[150]
port:ga_coprocessor/target_string[151]
port:ga_coprocessor/target_string[15]
port:ga_coprocessor/target_string[16]
port:ga_coprocessor/target_string[17]
port:ga_coprocessor/target_string[18]
port:ga_coprocessor/target_string[19]
port:ga_coprocessor/target_string[1]
port:ga_coprocessor/target_string[20]
port:ga_coprocessor/target_string[21]
port:ga_coprocessor/target_string[22]
port:ga_coprocessor/target_string[23]
port:ga_coprocessor/target_string[24]
port:ga_coprocessor/target_string[25]
port:ga_coprocessor/target_string[26]
port:ga_coprocessor/target_string[27]
port:ga_coprocessor/target_string[28]
port:ga_coprocessor/target_string[29]
port:ga_coprocessor/target_string[2]
port:ga_coprocessor/target_string[30]
port:ga_coprocessor/target_string[31]
port:ga_coprocessor/target_string[32]
port:ga_coprocessor/target_string[33]
port:ga_coprocessor/target_string[34]
port:ga_coprocessor/target_string[35]
port:ga_coprocessor/target_string[36]
port:ga_coprocessor/target_string[37]
port:ga_coprocessor/target_string[38]
port:ga_coprocessor/target_string[39]
port:ga_coprocessor/target_string[3]
port:ga_coprocessor/target_string[40]
port:ga_coprocessor/target_string[41]
port:ga_coprocessor/target_string[42]
port:ga_coprocessor/target_string[43]
port:ga_coprocessor/target_string[44]
port:ga_coprocessor/target_string[45]
port:ga_coprocessor/target_string[46]
port:ga_coprocessor/target_string[47]
port:ga_coprocessor/target_string[48]
port:ga_coprocessor/target_string[49]
port:ga_coprocessor/target_string[4]
port:ga_coprocessor/target_string[50]
port:ga_coprocessor/target_string[51]
port:ga_coprocessor/target_string[52]
port:ga_coprocessor/target_string[53]
port:ga_coprocessor/target_string[54]
port:ga_coprocessor/target_string[55]
port:ga_coprocessor/target_string[56]
port:ga_coprocessor/target_string[57]
port:ga_coprocessor/target_string[58]
port:ga_coprocessor/target_string[59]
port:ga_coprocessor/target_string[5]
port:ga_coprocessor/target_string[60]
port:ga_coprocessor/target_string[61]
port:ga_coprocessor/target_string[62]
port:ga_coprocessor/target_string[63]
port:ga_coprocessor/target_string[64]
port:ga_coprocessor/target_string[65]
port:ga_coprocessor/target_string[66]
port:ga_coprocessor/target_string[67]
port:ga_coprocessor/target_string[68]
port:ga_coprocessor/target_string[69]
port:ga_coprocessor/target_string[6]
port:ga_coprocessor/target_string[70]
port:ga_coprocessor/target_string[71]
port:ga_coprocessor/target_string[72]
port:ga_coprocessor/target_string[73]
port:ga_coprocessor/target_string[74]
port:ga_coprocessor/target_string[75]
port:ga_coprocessor/target_string[76]
port:ga_coprocessor/target_string[77]
port:ga_coprocessor/target_string[78]
port:ga_coprocessor/target_string[79]
port:ga_coprocessor/target_string[7]
port:ga_coprocessor/target_string[80]
port:ga_coprocessor/target_string[81]
port:ga_coprocessor/target_string[82]
port:ga_coprocessor/target_string[83]
port:ga_coprocessor/target_string[84]
port:ga_coprocessor/target_string[85]
port:ga_coprocessor/target_string[86]
port:ga_coprocessor/target_string[87]
port:ga_coprocessor/target_string[88]
port:ga_coprocessor/target_string[89]
port:ga_coprocessor/target_string[8]
port:ga_coprocessor/target_string[90]
port:ga_coprocessor/target_string[91]
port:ga_coprocessor/target_string[92]
port:ga_coprocessor/target_string[93]
port:ga_coprocessor/target_string[94]
port:ga_coprocessor/target_string[95]
port:ga_coprocessor/target_string[96]
port:ga_coprocessor/target_string[97]
port:ga_coprocessor/target_string[98]
port:ga_coprocessor/target_string[99]
port:ga_coprocessor/target_string[9]
-------------------------------------------------------------------------------

-------------------------------------------------------------------------------
Outputs without external load

The following primary outputs have no external load set. As a result the load   
on the ports will be assumed as zero. The 'external_pin_cap' attribute is used  
to add and external pin cap.                                                    

port:ga_coprocessor/processing_busy
port:ga_coprocessor/processing_done
port:ga_coprocessor/result_valid
-------------------------------------------------------------------------------


Lint summary
 Unconnected/logic driven clocks                                  0
 Sequential data pins driven by a clock signal                    0
 Sequential clock pins without clock waveform                     0
 Sequential clock pins with multiple clock waveforms              0
 Generated clocks without clock waveform                          0
 Generated clocks with incompatible options                       0
 Generated clocks with multi-master clock                         0
 Paths constrained with different clocks                          0
 Loop-breaking cells for combinational feedback                   0
 Nets with multiple drivers                                       0
 Timing exceptions with no effect                                 4
 Suspicious multi_cycle exceptions                                0
 Pins/ports with conflicting case constants                       0
 Inputs without clocked external delays                           0
 Outputs without clocked external delays                          0
 Inputs without external driver/transition                      837
 Outputs without external load                                    3
 Exceptions with invalid timing start-/endpoints                  0

                                                  Total:        844

