============================================================
  Generated by:           Genus(TM) Synthesis Solution 23.10-p004_1
  Generated on:           Jun 14 2025  03:27:17 pm
  Module:                 ga_coprocessor
  Technology library:     saed32hvt_ss0p95vn40c 1.0000000
  Operating conditions:   _nominal_ (balanced_tree)
  Wireload mode:          enclosed
  Area mode:              timing library
============================================================

Timing
--------

 Clock  Period 
---------------
sys_clk 2000.0 


  Cost    Critical              Violating 
 Group   Path Slack     TNS       Paths   
------------------------------------------
default    No paths        0.0            
sys_clk      -432.8   -63585.0        239 
------------------------------------------
Total                 -63585.0        239 

Instance Count
--------------
Leaf Instance Count             4775 
Physical Instance count            0 
Sequential Instance Count       1308 
Combinational Instance Count    3467 
Hierarchical Instance Count        0 

Area
----
Cell Area                          19461.077
Physical Cell Area                 0.000
Total Cell Area (Cell+Physical)    19461.077
Net Area                           0.000
Total Area (Cell+Physical+Net)     19461.077

Max Fanout                         1308 (clk)
Min Fanout                         0 (rst_n)
Average Fanout                     2.0
Terms to net ratio                 3.2526
Terms to instance ratio            4.6729
Runtime                            347.29748800000016 seconds
Elapsed Runtime                    363 seconds
Genus peak memory usage            2155.99 
Innovus peak memory usage          no_value 
Hostname                           auto.ece.pdx.edu
