 
****************************************
Report : timing
        -path full
        -delay max
        -derate
        -input_pins
        -nets
        -slack_lesser_than 0.0000
        -max_paths 10000
        -transition_time
        -crosstalk_delta
        -capacitance
Design : ga_coprocessor
Version: Q-2019.12-SP3
Date   : Sat Jun 14 17:20:26 2025
****************************************

 # A fanout number of 1000 was used for high fanout net computations.

Operating Conditions: ss0p95vn40c   Library: saed32lvt_ss0p95vn40c
Wire Load Model Mode: enclosed
No paths.

1
