 
****************************************
Report : constraint
        -all_violators
Design : ga_coprocessor
Version: Q-2019.12-SP3
Date   : Sat Jun 14 17:20:26 2025
****************************************


   max_capacitance

                             Required        Actual
   Net                      Capacitance    Capacitance       Slack
   -----------------------------------------------------------------
   n2871                        8.00          11.48          -3.48  (VIOLATED)
   n2864                        8.00           8.29          -0.29  (VIOLATED)

   -----------------------------------------------------------------
   Total                      2                  -3.77  

   max_leakage_power

                             Required        Actual
   Design                   Leakage Power  Leakage Power     Slack
   -----------------------------------------------------------------
   ga_coprocessor               0.00       143241632.00   -143241632.00
                                                                    (VIOLATED)


1
